#-----------------------------------------------------------
# Vivado v2022.1 (64-bit)
# SW Build 3526262 on Mon Apr 18 15:47:01 MDT 2022
# IP Build 3524634 on Mon Apr 18 20:55:01 MDT 2022
# Start of session at: Sun Nov 13 15:21:34 2022
# Process ID: 72132
# Current directory: /home/vini/Documents/FPGA/GIF4202_Lab3/numero7_a/numero7_a.runs/numero7_block_clk_wiz_0_0_synth_1
# Command line: vivado -log numero7_block_clk_wiz_0_0.vds -product Vivado -mode batch -messageDb vivado.pb -notrace -source numero7_block_clk_wiz_0_0.tcl
# Log file: /home/vini/Documents/FPGA/GIF4202_Lab3/numero7_a/numero7_a.runs/numero7_block_clk_wiz_0_0_synth_1/numero7_block_clk_wiz_0_0.vds
# Journal file: /home/vini/Documents/FPGA/GIF4202_Lab3/numero7_a/numero7_a.runs/numero7_block_clk_wiz_0_0_synth_1/vivado.jou
# Running On: pop-os, OS: Linux, CPU Frequency: 4001.412 MHz, CPU Physical cores: 6, Host memory: 16561 MB
#-----------------------------------------------------------
source numero7_block_clk_wiz_0_0.tcl -notrace
