Copyright 1986-2022 Xilinx, Inc. All Rights Reserved.
------------------------------------------------------------------------------------------------------------------
| Tool Version : Vivado v.2022.1 (lin64) Build 3526262 Mon Apr 18 15:47:01 MDT 2022
| Date         : Thu Nov 10 15:34:41 2022
| Host         : pop-os running 64-bit Pop!_OS 22.04 LTS
| Command      : report_drc -file top_level_drc_opted.rpt -pb top_level_drc_opted.pb -rpx top_level_drc_opted.rpx
| Design       : top_level
| Device       : xc7z020clg400-1
| Speed File   : -1
| Design State : Synthesized
------------------------------------------------------------------------------------------------------------------

Report DRC

Table of Contents
-----------------
1. REPORT SUMMARY
2. REPORT DETAILS

1. REPORT SUMMARY
-----------------
            Netlist: netlist
          Floorplan: design_1
      Design limits: <entire design considered>
           Ruledeck: default
             Max violations: <unlimited>
             Violations found: 2
+-------------+----------+-------------------------------------------------------------+------------+
| Rule        | Severity | Description                                                 | Violations |
+-------------+----------+-------------------------------------------------------------+------------+
| PLHOLDVIO-2 | Warning  | Non-Optimal connections which could lead to hold violations | 1          |
| ZPS7-1      | Warning  | PS7 block required                                          | 1          |
+-------------+----------+-------------------------------------------------------------+------------+

2. REPORT DETAILS
-----------------
PLHOLDVIO-2#1 Warning
Non-Optimal connections which could lead to hold violations  
A LUT tx_uart/pulse_gen/q_i_3 is driving clock pin of 14 cells. This could lead to large hold time violations. Involved cells are:
tx_uart/bit_counter/reg0/q_reg, tx_uart/bit_counter/reg1/q_reg,
tx_uart/bit_counter/reg2/q_reg, tx_uart/bit_counter/reg3/q_reg,
tx_uart/bit_counter/reg4/q_reg, tx_uart/bit_counter/reg5/q_reg,
tx_uart/bit_counter/reg6/q_reg, tx_uart/bit_counter/reg7/q_reg,
tx_uart/rdc_12/generate_regs[2].reg_i/q_reg,
tx_uart/rdc_12/generate_regs[3].reg_i/q_reg,
tx_uart/rdc_12/generate_regs[4].reg_i/q_reg,
tx_uart/rdc_12/generate_regs[5].reg_i/q_reg,
tx_uart/rdc_12/generate_regs[6].reg_i/q_reg
tx_uart/rdc_12/generate_regs[7].reg_i/q_reg
Related violations: <none>

ZPS7-1#1 Warning
PS7 block required  
The PS7 cell must be used in this Zynq design in order to enable correct default configuration.
Related violations: <none>


